#
#  ejs.unix.lst -- Module Listing for ../../modules/ejs.unix.mod
#

==============================================================================================

MODULE:   ejs.unix <hasInitializer, >


FUNCTION:   [initializer]  ejs function __initializer__() : Void

   LOCAL:   [local-00] var block_0007_191 : Block

    0000: [0] 8d 00 00 ................... openBlock <slot: 0> <0> 
    0003: [0] 33 0a da 03 2c ............. debug 

    # ejs.unix/Unix.es:237      }

    0008: [0] 01 30 ...................... addNamespace <internal-257ea5f3be556ceb8c4ee26d15b89de6-8> 
    0010: [0] 01 88 01 ................... addNamespace <ejs.unix> 
    0013: [0] 33 0a 0e 9a 01 ............. debug 

    # ejs.unix/Unix.es:7        module ejs.unix {

    0018: [0] 33 0a 12 be 01 ............. debug 

    # ejs.unix/Unix.es:9            use default namespace public

    0023: [0] 7e 5c ...................... getGlobalSlot <slot: 46> 
    0025: [1] 02 ......................... addNamespaceRef 
    0026: [0] 33 0a 20 80 02 ............. debug 

    # ejs.unix/Unix.es:16           function basename(path: String): Path

    0031: [0] 33 0a 30 de 03 ............. debug 

    # ejs.unix/Unix.es:24           function chdir(dir: Object): Void

    0036: [0] 33 0a 40 84 05 ............. debug 

    # ejs.unix/Unix.es:32           function chmod(path: String, perms: Number): Void

    0041: [0] 33 0a 68 d8 06 ............. debug 

    # ejs.unix/Unix.es:52           function cp(fromPath: String, toPath: String): void

    0046: [0] 33 0a 78 b8 08 ............. debug 

    # ejs.unix/Unix.es:60           function dirname(path: String): Path

    0051: [0] 33 0a 88 01 d0 09 .......... debug 

    # ejs.unix/Unix.es:68           function exists(path: String): Boolean

    0057: [0] 33 0a 9a 01 f8 0a .......... debug 

    # ejs.unix/Unix.es:77           function extension(path: String): String

    0063: [0] 33 0a a8 01 a0 0c .......... debug 

    # ejs.unix/Unix.es:84           function freeSpace(path: String? = null): Number

    0069: [0] 33 0a b8 01 f4 0d .......... debug 

    # ejs.unix/Unix.es:92           function isDir(path: String): Boolean

    0075: [0] 33 0a c8 01 86 0f .......... debug 

    # ejs.unix/Unix.es:100          function kill(pid: Number, signal: Number = 2): Void {

    0081: [0] 33 0a e8 01 b6 13 .......... debug 

    # ejs.unix/Unix.es:116          function ls(path: String = ".", enumDirs: Boolean = false): Array

    0087: [0] 33 0a fe 01 bc 15 .......... debug 

    # ejs.unix/Unix.es:127          function find(path: Object, glob: String = "*", recurse: Boolean = true): Array {

    0093: [0] 33 0a a6 02 9c 1c .......... debug 

    # ejs.unix/Unix.es:147          function mkdir(path: String, permissions: Number = 0755): void

    0099: [0] 33 0a b8 02 b4 1e .......... debug 

    # ejs.unix/Unix.es:156          function mv(fromFile: String, toFile: String): void

    0105: [0] 33 0a de 02 96 20 .......... debug 

    # ejs.unix/Unix.es:175          function pwd(): Path

    0111: [0] 33 0a 84 03 f0 20 .......... debug 

    # ejs.unix/Unix.es:194          function rm(path: Path): void {

    0117: [0] 33 0a 9e 03 e8 23 .......... debug 

    # ejs.unix/Unix.es:207          function rmdir(path: Path, contents: Boolean = false): void {

    0123: [0] 33 0a b8 03 c0 26 .......... debug 

    # ejs.unix/Unix.es:220          function tempname(directory: String? = null): File

    0129: [0] 24 ......................... closeBlock 
    0130: [0] 3b ......................... endCode 
    

BLOCK:      [block_0007_191-00]  block_0007_191 (Slots 0)

FUNCTION:   [basename-150]  public function basename(path: String) : Path

     ARG:   [arg-00]   private path : String

    0000: [0] 33 0a 22 d4 02 ............. debug 

    # ejs.unix/Unix.es:17               Path(path).basename

    0005: [0] 5b ......................... getLocalSlot0 
    0006: [1] 17 da 01 02 ................ callGlobalSlot <slot: 109> <argc: 1> 
    0010: [0] 93 ......................... pushResult 
    0011: [1] 7b 8c 03 9e 03 ............. getObjName <basename> <public> 
    0016: [1] bf ......................... returnValue 
    
VARIABLE:   [path-00]  private var path : String

FUNCTION:   [chdir-151]  public function chdir(dir: Object) : Void

     ARG:   [arg-00]   private dir : Object

    0000: [0] 33 0a 32 aa 04 ............. debug 

    # ejs.unix/Unix.es:25               App.chdir(dir)

    0005: [0] 7e 06 ...................... getGlobalSlot <slot: 3> 
    0007: [1] 5b ......................... getLocalSlot0 
    0008: [2] 1c 44 00 02 ................ callObjStaticSlot <slot: 34> <0> <argc: 1> 
    0012: [0] be ......................... return 
    
VARIABLE:   [dir-00]  private var dir : Object

FUNCTION:   [chmod-152]  public function chmod(path: String, perms: Number) : Void

     ARG:   [arg-00]   private path : String
     ARG:   [arg-01]   private perms : Number

    0000: [0] 33 0a 42 f0 05 ............. debug 

    # ejs.unix/Unix.es:33               Path(path).perms = perms

    0005: [0] 5c ......................... getLocalSlot1 
    0006: [1] 5b ......................... getLocalSlot0 
    0007: [2] 17 da 01 02 ................ callGlobalSlot <slot: 109> <argc: 1> 
    0011: [1] 93 ......................... pushResult 
    0012: [2] b3 b2 06 9e 03 ............. putObjName <perms> <public> 
    0017: [0] be ......................... return 
    
VARIABLE:   [path-00]  private var path : String
VARIABLE:   [perms-01]  private var perms : Number

FUNCTION:   [cp-153]  public function cp(fromPath: String, toPath: String) : Void

     ARG:   [arg-00]   private fromPath : String
     ARG:   [arg-01]   private toPath : String

    0000: [0] 33 0a 6a c8 07 ............. debug 

    # ejs.unix/Unix.es:53               Path(fromPath).copy(toPath) 

    0005: [0] 5b ......................... getLocalSlot0 
    0006: [1] 17 da 01 02 ................ callGlobalSlot <slot: 109> <argc: 1> 
    0010: [0] 93 ......................... pushResult 
    0011: [1] 5c ......................... getLocalSlot1 
    0012: [2] 18 40 02 ................... callObjSlot <slot: 32> <argc: 1> 
    0015: [0] be ......................... return 
    
VARIABLE:   [fromPath-00]  private var fromPath : String
VARIABLE:   [toPath-01]  private var toPath : String

FUNCTION:   [dirname-154]  public function dirname(path: String) : Path

     ARG:   [arg-00]   private path : String

    0000: [0] 33 0a 7a 8a 09 ............. debug 

    # ejs.unix/Unix.es:61               Path(path).dirname

    0005: [0] 5b ......................... getLocalSlot0 
    0006: [1] 17 da 01 02 ................ callGlobalSlot <slot: 109> <argc: 1> 
    0010: [0] 93 ......................... pushResult 
    0011: [1] 7b c0 09 9e 03 ............. getObjName <dirname> <public> 
    0016: [1] bf ......................... returnValue 
    
VARIABLE:   [path-00]  private var path : String

FUNCTION:   [exists-155]  public function exists(path: String) : Boolean

     ARG:   [arg-00]   private path : String

    0000: [0] 33 0a 8a 01 a6 0a .......... debug 

    # ejs.unix/Unix.es:69               Path(path).exists

    0006: [0] 5b ......................... getLocalSlot0 
    0007: [1] 17 da 01 02 ................ callGlobalSlot <slot: 109> <argc: 1> 
    0011: [0] 93 ......................... pushResult 
    0012: [1] 7b da 0a 9e 03 ............. getObjName <exists> <public> 
    0017: [1] bf ......................... returnValue 
    
VARIABLE:   [path-00]  private var path : String

FUNCTION:   [extension-156]  public function extension(path: String) : String

     ARG:   [arg-00]   private path : String

    0000: [0] 33 0a 9c 01 d2 0b .......... debug 

    # ejs.unix/Unix.es:78               Path(path).extension

    0006: [0] 5b ......................... getLocalSlot0 
    0007: [1] 17 da 01 02 ................ callGlobalSlot <slot: 109> <argc: 1> 
    0011: [0] 93 ......................... pushResult 
    0012: [1] 7b 8c 0c 9e 03 ............. getObjName <extension> <public> 
    0017: [1] bf ......................... returnValue 
    
VARIABLE:   [path-00]  private var path : String

FUNCTION:   [freeSpace-157]  public function freeSpace(path: String) : Number

     ARG:   [arg-00]   private path : String

    0000: [0] 41 02 02 08 ................ initDefaultArgs8 <2> <4> <10> 
    0004: [0] 50 ......................... loadGlobal 
    0005: [1] 7b 8a 0d 02 ................ getObjName <null> <ejs> 
    0009: [1] 94 ......................... putLocalSlot0 
    0010: [0] 33 0a aa 01 94 0d .......... debug 

    # ejs.unix/Unix.es:85               FileSystem(path).freeSpace()

    0016: [0] 5b ......................... getLocalSlot0 
    0017: [1] 17 4a 02 ................... callGlobalSlot <slot: 37> <argc: 1> 
    0020: [0] 93 ......................... pushResult 
    0021: [1] 1e de 0d f2 0d 00 .......... callObjName <freeSpace> <> <argc: 0> 
    0027: [0] 93 ......................... pushResult 
    0028: [1] bf ......................... returnValue 
    
VARIABLE:   [path-00]  private var path : String

FUNCTION:   [isDir-158]  public function isDir(path: String) : Boolean

     ARG:   [arg-00]   private path : String

    0000: [0] 33 0a ba 01 c8 0e .......... debug 

    # ejs.unix/Unix.es:93               Path(path).isDir

    0006: [0] 5b ......................... getLocalSlot0 
    0007: [1] 17 da 01 02 ................ callGlobalSlot <slot: 109> <argc: 1> 
    0011: [0] 93 ......................... pushResult 
    0012: [1] 7b fa 0e 9e 03 ............. getObjName <isDir> <public> 
    0017: [1] bf ......................... returnValue 
    
VARIABLE:   [path-00]  private var path : String

FUNCTION:   [kill-159]  public function kill(pid: Number, signal: Number) : Void

     ARG:   [arg-00]   private pid : Number
     ARG:   [arg-01]   private signal : Number

    0000: [0] 41 02 02 04 ................ initDefaultArgs8 <2> <4> <6> 
    0004: [0] 46 ......................... load2 
    0005: [1] 95 ......................... putLocalSlot1 
    0006: [0] 33 0a ca 01 fc 0f .......... debug 

    # ejs.unix/Unix.es:101              if (Config.OS == "WIN") {

    0012: [0] 7e 1c ...................... getGlobalSlot <slot: 14> 
    0014: [1] 82 38 00 ................... getTypeSlot <slot: 28> <0> 
    0017: [1] 56 c0 10 ................... loadString <WIN> 
    0020: [2] 25 ......................... compareEq 
    0021: [1] 13 19 ...................... branchFalse8 <addr: 48> 
    0023: [0] 33 0a cc 01 c8 10 .......... debug 

    # ejs.unix/Unix.es:102                  Cmd.run("/bin/kill -f -" + signal + " " + pid)

    0029: [0] 7e 14 ...................... getGlobalSlot <slot: 10> 
    0031: [1] 56 be 11 ................... loadString </bin/kill -f -> 
    0034: [2] 5c ......................... getLocalSlot1 
    0035: [3] 00 ......................... add 
    0036: [2] 56 dc 11 ................... loadString < > 
    0039: [3] 00 ......................... add 
    0040: [2] 5b ......................... getLocalSlot0 
    0041: [3] 00 ......................... add 
    0042: [2] 1c 36 00 02 ................ callObjStaticSlot <slot: 27> <0> <argc: 1> 
    0046: [0] 3e 1d ...................... goto8 <addr: 77> 
    0048: [0] 33 0a ce 01 e0 11 .......... debug 

    # ejs.unix/Unix.es:103              } else {

    0054: [0] 33 0a d0 01 82 12 .......... debug 

    # ejs.unix/Unix.es:104                  Cmd.run("/bin/kill -" + signal + " " + pid)

    0060: [0] 7e 14 ...................... getGlobalSlot <slot: 10> 
    0062: [1] 56 f2 12 ................... loadString </bin/kill -> 
    0065: [2] 5c ......................... getLocalSlot1 
    0066: [3] 00 ......................... add 
    0067: [2] 56 dc 11 ................... loadString < > 
    0070: [3] 00 ......................... add 
    0071: [2] 5b ......................... getLocalSlot0 
    0072: [3] 00 ......................... add 
    0073: [2] 1c 36 00 02 ................ callObjStaticSlot <slot: 27> <0> <argc: 1> 
    0077: [0] be ......................... return 
    0078: [0] 33 0a d4 01 8a 13 .......... debug 

    # ejs.unix/Unix.es:106          }
    
VARIABLE:   [pid-00]  private var pid : Number
VARIABLE:   [signal-01]  private var signal : Number

FUNCTION:   [ls-160]  public function ls(path: String, enumDirs: Boolean) : Array

     ARG:   [arg-00]   private path : String
     ARG:   [arg-01]   private enumDirs : Boolean

    0000: [0] 41 03 03 07 0d ............. initDefaultArgs8 <3> <5> <9> <15> 
    0005: [0] 56 c2 14 ................... loadString <.> 
    0008: [1] 94 ......................... putLocalSlot0 
    0009: [0] 50 ......................... loadGlobal 
    0010: [1] 7b c6 14 02 ................ getObjName <false> <ejs> 
    0014: [1] 95 ......................... putLocalSlot1 
    0015: [0] 33 0a ea 01 d2 14 .......... debug 

    # ejs.unix/Unix.es:117              Path(path).files(enumDirs)

    0021: [0] 5b ......................... getLocalSlot0 
    0022: [1] 17 da 01 02 ................ callGlobalSlot <slot: 109> <argc: 1> 
    0026: [0] 93 ......................... pushResult 
    0027: [1] 5c ......................... getLocalSlot1 
    0028: [2] 18 4e 02 ................... callObjSlot <slot: 39> <argc: 1> 
    0031: [0] 93 ......................... pushResult 
    0032: [1] bf ......................... returnValue 
    
VARIABLE:   [path-00]  private var path : String
VARIABLE:   [enumDirs-01]  private var enumDirs : Boolean

FUNCTION:   [find-161]  public function find(path: Object, glob: String, recurse: Boolean) : Array

     ARG:   [arg-00]   private path : Object
     ARG:   [arg-01]   private glob : String
     ARG:   [arg-02]   private recurse : Boolean
   LOCAL:   [local-03] var result
   LOCAL:   [local-04] var paths
   LOCAL:   [local-05] var path

    0000: [0] 41 03 03 07 0d ............. initDefaultArgs8 <3> <5> <9> <15> 
    0005: [0] 56 e8 16 ................... loadString <*> 
    0008: [1] 95 ......................... putLocalSlot1 
    0009: [0] 50 ......................... loadGlobal 
    0010: [1] 7b ec 16 02 ................ getObjName <true> <ejs> 
    0014: [1] 96 ......................... putLocalSlot2 
    0015: [0] 33 0a 80 02 84 17 .......... debug 

    # ejs.unix/Unix.es:128              let result = []

    0021: [0] 7e 0a ...................... getGlobalSlot <slot: 5> 
    0023: [1] 89 ......................... new 
    0024: [1] 97 ......................... putLocalSlot3 
    0025: [0] 33 0a 82 02 b4 17 .......... debug 

    # ejs.unix/Unix.es:129              if (path is Array) {

    0031: [0] 5b ......................... getLocalSlot0 
    0032: [1] 7e 0a ...................... getGlobalSlot <slot: 5> 
    0034: [2] 43 ......................... isA 
    0035: [1] 13 36 ...................... branchFalse8 <addr: 91> 
    0037: [0] 33 0a 84 02 90 18 .......... debug 

    # ejs.unix/Unix.es:130                  let paths = path

    0043: [0] 5b ......................... getLocalSlot0 
    0044: [1] 98 ......................... putLocalSlot4 
    0045: [0] 33 0a 86 02 ca 18 .......... debug 

    # ejs.unix/Unix.es:131                  for each (path in paths) {

    0051: [0] 5f ......................... getLocalSlot4 
    0052: [1] 1e ae 19 c2 19 00 .......... callObjName <getValues> <iterator> <argc: 0> 
    0058: [0] 93 ......................... pushResult 
    0059: [1] 39 ......................... dup 
    0060: [2] 18 34 00 ................... callObjSlot <slot: 26> <argc: 0> 
    0063: [1] 93 ......................... pushResult 
    0064: [2] 99 ......................... putLocalSlot5 
    0065: [1] 33 0a 88 02 d4 19 .......... debug 

    # ejs.unix/Unix.es:132                      result += Path(path).find(glob, recurse)

    0071: [1] 5e ......................... getLocalSlot3 
    0072: [2] 60 ......................... getLocalSlot5 
    0073: [3] 17 da 01 02 ................ callGlobalSlot <slot: 109> <argc: 1> 
    0077: [2] 93 ......................... pushResult 
    0078: [3] 5c ......................... getLocalSlot1 
    0079: [4] 5d ......................... getLocalSlot2 
    0080: [5] 18 4c 04 ................... callObjSlot <slot: 38> <argc: 2> 
    0083: [2] 93 ......................... pushResult 
    0084: [3] 00 ......................... add 
    0085: [2] 97 ......................... putLocalSlot3 
    0086: [1] 3e e3 ...................... goto8 <addr: 59> 
    0088: [1] 90 ......................... pop 
    0089: [0] 3e 1b ...................... goto8 <addr: 118> 
    0091: [0] 33 0a 8c 02 e0 11 .......... debug 

    # ejs.unix/Unix.es:134              } else {

    0097: [0] 33 0a 8e 02 c6 1a .......... debug 

    # ejs.unix/Unix.es:135                  result += Path(path).find(glob, recurse)

    0103: [0] 5e ......................... getLocalSlot3 
    0104: [1] 5b ......................... getLocalSlot0 
    0105: [2] 17 da 01 02 ................ callGlobalSlot <slot: 109> <argc: 1> 
    0109: [1] 93 ......................... pushResult 
    0110: [2] 5c ......................... getLocalSlot1 
    0111: [3] 5d ......................... getLocalSlot2 
    0112: [4] 18 4c 04 ................... callObjSlot <slot: 38> <argc: 2> 
    0115: [1] 93 ......................... pushResult 
    0116: [2] 00 ......................... add 
    0117: [1] 97 ......................... putLocalSlot3 
    0118: [0] 33 0a 92 02 b0 1b .......... debug 

    # ejs.unix/Unix.es:137              return result

    0124: [0] 5e ......................... getLocalSlot3 
    0125: [1] bf ......................... returnValue 
    

#
#  Exception Section
#    Kind     TryStart TryEnd  HandlerStart  HandlerEnd   CatchType
#
0   iteration     60      63         88           88       StopIteration

VARIABLE:   [path-00]  private var path : Object
VARIABLE:   [glob-01]  private var glob : String
VARIABLE:   [recurse-02]  private var recurse : Boolean
VARIABLE:   [result-03]  private var result
VARIABLE:   [paths-04]  -hoisted-4 static var paths
VARIABLE:   [path-05]  -hoisted-5 static var path

FUNCTION:   [mkdir-162]  public function mkdir(path: String, permissions: Number) : Void

     ARG:   [arg-00]   private path : String
     ARG:   [arg-01]   private permissions : Number

    0000: [0] 41 02 02 06 ................ initDefaultArgs8 <2> <4> <8> 
    0004: [0] 51 da 07 ................... loadInt <493> 
    0007: [1] 95 ......................... putLocalSlot1 
    0008: [0] 33 0a a8 02 a2 1d .......... debug 

    # ejs.unix/Unix.es:148              Path(path).makeDir({permissions: permissions})

    0014: [0] 5b ......................... getLocalSlot0 
    0015: [1] 17 da 01 02 ................ callGlobalSlot <slot: 109> <argc: 1> 
    0019: [0] 93 ......................... pushResult 
    0020: [1] 56 00 ...................... loadString <> 
    0022: [2] 56 90 1e ................... loadString <permissions> 
    0025: [3] 5c ......................... getLocalSlot1 
    0026: [4] 8a e4 06 02 00 ............. newObject <type: 0x1b2,  ejs::Object> <argc: 1> <att: 1 >
    0031: [2] 18 64 02 ................... callObjSlot <slot: 50> <argc: 1> 
    0034: [0] be ......................... return 
    
VARIABLE:   [path-00]  private var path : String
VARIABLE:   [permissions-01]  private var permissions : Number

FUNCTION:   [mv-163]  public function mv(fromFile: String, toFile: String) : Void

     ARG:   [arg-00]   private fromFile : String
     ARG:   [arg-01]   private toFile : String

    0000: [0] 33 0a ba 02 a4 1f .......... debug 

    # ejs.unix/Unix.es:157              Path(fromFile).rename(toFile)

    0006: [0] 5b ......................... getLocalSlot0 
    0007: [1] 17 da 01 02 ................ callGlobalSlot <slot: 109> <argc: 1> 
    0011: [0] 93 ......................... pushResult 
    0012: [1] 5c ......................... getLocalSlot1 
    0013: [2] 18 90 01 02 ................ callObjSlot <slot: 72> <argc: 1> 
    0017: [0] be ......................... return 
    
VARIABLE:   [fromFile-00]  private var fromFile : String
VARIABLE:   [toFile-01]  private var toFile : String

FUNCTION:   [pwd-164]  public function pwd() : Path


    0000: [0] 33 0a e0 02 c8 20 .......... debug 

    # ejs.unix/Unix.es:176              App.dir

    0006: [0] 7e 06 ...................... getGlobalSlot <slot: 3> 
    0008: [1] 7b e4 04 9e 03 ............. getObjName <dir> <public> 
    0013: [1] bf ......................... returnValue 
    

FUNCTION:   [rm-165]  public function rm(path: Path) : Void

     ARG:   [arg-00]   private path : Path

    0000: [0] 33 0a 86 03 b8 21 .......... debug 

    # ejs.unix/Unix.es:195              if (path.isDir) {

    0006: [0] 5b ......................... getLocalSlot0 
    0007: [1] 7b fa 0e 9e 03 ............. getObjName <isDir> <public> 
    0012: [1] 13 17 ...................... branchFalse8 <addr: 37> 
    0014: [0] 33 0a 88 03 ec 21 .......... debug 

    # ejs.unix/Unix.es:196                  throw new ArgError(path.toString() + " is a directory")

    0020: [0] 7e 24 ...................... getGlobalSlot <slot: 18> 
    0022: [1] 89 ......................... new 
    0023: [1] 5b ......................... getLocalSlot0 
    0024: [2] 18 30 00 ................... callObjSlot <slot: 24> <argc: 0> 
    0027: [1] 93 ......................... pushResult 
    0028: [2] 56 f4 22 ................... loadString < is a directory> 
    0031: [3] 00 ......................... add 
    0032: [2] 20 02 ...................... callConstructor <argc: 1> 
    0034: [1] c6 ......................... throw 
    0035: [1] 3e 00 ...................... goto8 <addr: 37> 
    0037: [1] 33 0a 8a 03 94 23 .......... debug 

    # ejs.unix/Unix.es:197              } 

    0043: [1] 33 0a 8c 03 aa 23 .......... debug 

    # ejs.unix/Unix.es:198              Path(path).remove()

    0049: [1] 5b ......................... getLocalSlot0 
    0050: [2] 17 da 01 02 ................ callGlobalSlot <slot: 109> <argc: 1> 
    0054: [1] 93 ......................... pushResult 
    0055: [2] 18 8c 01 00 ................ callObjSlot <slot: 70> <argc: 0> 
    0059: [1] be ......................... return 
    0060: [0] 33 0a 8e 03 8a 13 .......... debug 

    # ejs.unix/Unix.es:199          }
    
VARIABLE:   [path-00]  private var path : Path

FUNCTION:   [rmdir-166]  public function rmdir(path: Path, contents: Boolean) : Void

     ARG:   [arg-00]   private path : Path
     ARG:   [arg-01]   private contents : Boolean

    0000: [0] 41 02 02 08 ................ initDefaultArgs8 <2> <4> <10> 
    0004: [0] 50 ......................... loadGlobal 
    0005: [1] 7b c6 14 02 ................ getObjName <false> <ejs> 
    0009: [1] 95 ......................... putLocalSlot1 
    0010: [0] 33 0a a0 03 ec 24 .......... debug 

    # ejs.unix/Unix.es:208              if (contents) {

    0016: [0] 5c ......................... getLocalSlot1 
    0017: [1] 13 12 ...................... branchFalse8 <addr: 37> 
    0019: [0] 33 0a a2 03 9c 25 .......... debug 

    # ejs.unix/Unix.es:209                  Path(path).removeAll()

    0025: [0] 5b ......................... getLocalSlot0 
    0026: [1] 17 da 01 02 ................ callGlobalSlot <slot: 109> <argc: 1> 
    0030: [0] 93 ......................... pushResult 
    0031: [1] 18 8e 01 00 ................ callObjSlot <slot: 71> <argc: 0> 
    0035: [0] 3e 16 ...................... goto8 <addr: 59> 
    0037: [0] 33 0a a4 03 e0 11 .......... debug 

    # ejs.unix/Unix.es:210              } else {

    0043: [0] 33 0a a6 03 e2 25 .......... debug 

    # ejs.unix/Unix.es:211                  Path(path).remove()

    0049: [0] 5b ......................... getLocalSlot0 
    0050: [1] 17 da 01 02 ................ callGlobalSlot <slot: 109> <argc: 1> 
    0054: [0] 93 ......................... pushResult 
    0055: [1] 18 8c 01 00 ................ callObjSlot <slot: 70> <argc: 0> 
    0059: [0] be ......................... return 
    0060: [0] 33 0a aa 03 8a 13 .......... debug 

    # ejs.unix/Unix.es:213          }
    
VARIABLE:   [path-00]  private var path : Path
VARIABLE:   [contents-01]  private var contents : Boolean

FUNCTION:   [tempname-167]  public function tempname(directory: String) : File

     ARG:   [arg-00]   private directory : String

    0000: [0] 41 02 02 08 ................ initDefaultArgs8 <2> <4> <10> 
    0004: [0] 50 ......................... loadGlobal 
    0005: [1] 7b 8a 0d 02 ................ getObjName <null> <ejs> 
    0009: [1] 94 ......................... putLocalSlot0 
    0010: [0] 33 0a ba 03 ae 27 .......... debug 

    # ejs.unix/Unix.es:221              FileSystem.makeTemp(directory)

    0016: [0] 7e 4a ...................... getGlobalSlot <slot: 37> 
    0018: [1] 5b ......................... getLocalSlot0 
    0019: [2] 1e fc 27 f2 0d 02 .......... callObjName <makeTemp> <> <argc: 1> 
    0025: [0] 93 ......................... pushResult 
    0026: [1] bf ......................... returnValue 
    
VARIABLE:   [directory-00]  private var directory : String

----------------------------------------------------------------------------------------------

#
#  Global slot assignments (Num prop 168)
#
0150    public function basename
0151    public function chdir
0152    public function chmod
0153    public function cp
0154    public function dirname
0155    public function exists
0156    public function extension
0157    public function freeSpace
0158    public function isDir
0159    public function kill
0160    public function ls
0161    public function find
0162    public function mkdir
0163    public function mv
0164    public function pwd
0165    public function rm
0166    public function rmdir
0167    public function tempname

#
#  Initializer slot assignments (Num prop 0)
#

----------------------------------------------------------------------------------------------
#
#  Constant Pool (size 2630 bytes)
#
0000   ""
0001   "ejs"
0002   "ejs.unix/Unix.es"
0003   "}"
0004   "internal-257ea5f3be556ceb8c4ee26d15b89de6-8"
0005   "ejs.unix"
0006   "module ejs.unix {"
0007   "    use default namespace public"
0008   "    function basename(path: String): Path"
0009   "        Path(path).basename"
0010   "basename"
0011   "public"
0012   "path"
0013   "private"
0014   "String"
0015   "Path"
0016   "    function chdir(dir: Object): Void"
0017   "        App.chdir(dir)"
0018   "chdir"
0019   "dir"
0020   "Object"
0021   "Void"
0022   "    function chmod(path: String, perms: Number): Void"
0023   "        Path(path).perms = perms"
0024   "perms"
0025   "chmod"
0026   "Number"
0027   "    function cp(fromPath: String, toPath: String): void"
0028   "        Path(fromPath).copy(toPath) "
0029   "cp"
0030   "fromPath"
0031   "toPath"
0032   "    function dirname(path: String): Path"
0033   "        Path(path).dirname"
0034   "dirname"
0035   "    function exists(path: String): Boolean"
0036   "        Path(path).exists"
0037   "exists"
0038   "Boolean"
0039   "    function extension(path: String): String"
0040   "        Path(path).extension"
0041   "extension"
0042   "    function freeSpace(path: String? = null): Number"
0043   "null"
0044   "        FileSystem(path).freeSpace()"
0045   "freeSpace"
0046   ""
0047   "    function isDir(path: String): Boolean"
0048   "        Path(path).isDir"
0049   "isDir"
0050   "    function kill(pid: Number, signal: Number = 2): Void {"
0051   "        if (Config.OS == "WIN") {"
0052   "WIN"
0053   "            Cmd.run("/bin/kill -f -" + signal + " " + pid)"
0054   "/bin/kill -f -"
0055   " "
0056   "        } else {"
0057   "            Cmd.run("/bin/kill -" + signal + " " + pid)"
0058   "/bin/kill -"
0059   "    }"
0060   "kill"
0061   "pid"
0062   "signal"
0063   "    function ls(path: String = ".", enumDirs: Boolean = false): Array"
0064   "."
0065   "false"
0066   "        Path(path).files(enumDirs)"
0067   "ls"
0068   "enumDirs"
0069   "Array"
0070   "    function find(path: Object, glob: String = "*", recurse: Boolean = true): Array {"
0071   "*"
0072   "true"
0073   "result"
0074   "        let result = []"
0075   "        if (path is Array) {"
0076   "paths"
0077   "-hoisted-4"
0078   "            let paths = path"
0079   "            for each (path in paths) {"
0080   "-hoisted-5"
0081   "getValues"
0082   "iterator"
0083   "                result += Path(path).find(glob, recurse)"
0084   "            result += Path(path).find(glob, recurse)"
0085   "        return result"
0086   "find"
0087   "glob"
0088   "recurse"
0089   "StopIteration"
0090   "    function mkdir(path: String, permissions: Number = 0755): void"
0091   "        Path(path).makeDir({permissions: permissions})"
0092   "permissions"
0093   "mkdir"
0094   "    function mv(fromFile: String, toFile: String): void"
0095   "        Path(fromFile).rename(toFile)"
0096   "mv"
0097   "fromFile"
0098   "toFile"
0099   "    function pwd(): Path"
0100   "        App.dir"
0101   "pwd"
0102   "    function rm(path: Path): void {"
0103   "        if (path.isDir) {"
0104   "            throw new ArgError(path.toString() + " is a directory")"
0105   " is a directory"
0106   "        } "
0107   "        Path(path).remove()"
0108   "rm"
0109   "    function rmdir(path: Path, contents: Boolean = false): void {"
0110   "        if (contents) {"
0111   "            Path(path).removeAll()"
0112   "            Path(path).remove()"
0113   "rmdir"
0114   "contents"
0115   "    function tempname(directory: String? = null): File"
0116   "        FileSystem.makeTemp(directory)"
0117   "makeTemp"
0118   "tempname"
0119   "directory"
0120   "File"
0121   "block_0007_191"
0122   "-block-"
0123   "__initializer__"
