#
#  ejs.tar.lst -- Module Listing for ../../modules/ejs.tar.mod
#

==============================================================================================

MODULE:   ejs.tar <hasInitializer, >


FUNCTION:   [initializer]  ejs function __initializer__() : Void

   LOCAL:   [local-00] var block_0006_188 : Block

    0000: [0] 8d 00 00 ................... openBlock <slot: 0> <0> 
    0003: [0] 33 0a 42 28 ................ debug 

    # ejs.tar/Tar.es:33         }

    0007: [0] 01 2c ...................... addNamespace <internal-303387c93204d11e2863cffd31342b79-7> 
    0009: [0] 01 84 01 ................... addNamespace <ejs.tar> 
    0012: [0] 33 0a 0c 94 01 ............. debug 

    # ejs.tar/Tar.es:6          module ejs.tar {

    0017: [0] 33 0a 12 b6 01 ............. debug 

    # ejs.tar/Tar.es:9              class Tar {

    0022: [0] 34 da 06 84 01 ............. defineClass <var: 0x1ad,  ejs.tar::Tar> 
    0027: [0] 24 ......................... closeBlock 
    0028: [0] 3b ......................... endCode 
    

BLOCK:      [block_0006_188-00]  block_0006_188 (Slots 0)

CLASS:      class Tar extends Object
            #  Class Details: 31 class traits, 2 instance traits, requested slot 149

FUNCTION:   [Tar-26]  -constructor- const function Tar(path: Path) : void

     ARG:   [arg-00]   private path : Path

    0000: [0] 7e 0a ...................... getGlobalSlot <slot: 5> 
    0002: [1] 89 ......................... new 
    0003: [1] 57 ......................... loadThis 
    0004: [2] b3 9c 03 a6 02 ............. putObjName <files> <[ejs.tar::Tar,private]> 
    0009: [0] 33 0a 20 b8 04 ............. debug 

    # ejs.tar/Tar.es:16                     this.path = path

    0014: [0] 5b ......................... getLocalSlot0 
    0015: [1] 57 ......................... loadThis 
    0016: [2] b3 9c 02 a6 02 ............. putObjName <path> <[ejs.tar::Tar,private]> 
    0021: [0] be ......................... return 
    0022: [0] 33 0a 22 f2 04 ............. debug 

    # ejs.tar/Tar.es:17                 }
    
VARIABLE:   [path-00]  private var path : Path

FUNCTION:   [Tar-27]  public const function add(path: Path) : Void

     ARG:   [arg-00]   private path : Path

    0000: [0] 33 0a 26 84 06 ............. debug 

    # ejs.tar/Tar.es:19                     if (!files.contains(path)) {

    0005: [0] 57 ......................... loadThis 
    0006: [1] 7b 9c 03 a6 02 ............. getObjName <files> <[ejs.tar::Tar,private]> 
    0011: [1] 5b ......................... getLocalSlot0 
    0012: [2] 1e d6 06 00 02 ............. callObjName <contains> <> <argc: 1> 
    0017: [0] 93 ......................... pushResult 
    0018: [1] 86 ......................... logicalNot 
    0019: [1] 13 13 ...................... branchFalse8 <addr: 40> 
    0021: [0] 33 0a 28 e8 06 ............. debug 

    # ejs.tar/Tar.es:20                         files.append(path)

    0026: [0] 57 ......................... loadThis 
    0027: [1] 7b 9c 03 a6 02 ............. getObjName <files> <[ejs.tar::Tar,private]> 
    0032: [1] 5b ......................... getLocalSlot0 
    0033: [2] 1e ae 07 00 02 ............. callObjName <append> <> <argc: 1> 
    0038: [0] 3e 00 ...................... goto8 <addr: 40> 
    0040: [0] be ......................... return 
    0041: [0] 33 0a 2c f2 04 ............. debug 

    # ejs.tar/Tar.es:22                 }
    
VARIABLE:   [path-00]  private var path : Path

FUNCTION:   [Tar-28]  public const function xcreate() : Void


    0000: [0] 33 0a 30 a2 08 ............. debug 

    # ejs.tar/Tar.es:24                     Cmd.sh("tar czf " + path + " " + files.join(" "))

    0005: [0] 7e 14 ...................... getGlobalSlot <slot: 10> 
    0007: [1] 56 9e 09 ................... loadString <tar czf > 
    0010: [2] 57 ......................... loadThis 
    0011: [3] 7b 9c 02 a6 02 ............. getObjName <path> <[ejs.tar::Tar,private]> 
    0016: [3] 00 ......................... add 
    0017: [2] 56 b0 09 ................... loadString < > 
    0020: [3] 00 ......................... add 
    0021: [2] 57 ......................... loadThis 
    0022: [3] 7b 9c 03 a6 02 ............. getObjName <files> <[ejs.tar::Tar,private]> 
    0027: [3] 56 b0 09 ................... loadString < > 
    0030: [4] 1e b4 09 00 02 ............. callObjName <join> <> <argc: 1> 
    0035: [2] 93 ......................... pushResult 
    0036: [3] 00 ......................... add 
    0037: [2] 1c 34 00 02 ................ callObjStaticSlot <slot: 26> <0> <argc: 1> 
    0041: [0] be ......................... return 
    0042: [0] 33 0a 32 f2 04 ............. debug 

    # ejs.tar/Tar.es:25                 }
    

FUNCTION:   [Tar-29]  public const function extract(files: Array) : Void

     ARG:   [arg-00]   private files : Array

    0000: [0] 33 0a 36 a4 0a ............. debug 

    # ejs.tar/Tar.es:27                     Cmd.sh("tar xzf " + path + " " + files.join(" "))

    0005: [0] 7e 14 ...................... getGlobalSlot <slot: 10> 
    0007: [1] 56 a0 0b ................... loadString <tar xzf > 
    0010: [2] 57 ......................... loadThis 
    0011: [3] 7b 9c 02 a6 02 ............. getObjName <path> <[ejs.tar::Tar,private]> 
    0016: [3] 00 ......................... add 
    0017: [2] 56 b0 09 ................... loadString < > 
    0020: [3] 00 ......................... add 
    0021: [2] 5b ......................... getLocalSlot0 
    0022: [3] 56 b0 09 ................... loadString < > 
    0025: [4] 18 4e 02 ................... callObjSlot <slot: 39> <argc: 1> 
    0028: [2] 93 ......................... pushResult 
    0029: [3] 00 ......................... add 
    0030: [2] 1c 34 00 02 ................ callObjStaticSlot <slot: 26> <0> <argc: 1> 
    0034: [0] be ......................... return 
    0035: [0] 33 0a 38 f2 04 ............. debug 

    # ejs.tar/Tar.es:28                 }
    
VARIABLE:   [files-00]  private var files : Array

FUNCTION:   [Tar-30]  public const function cat(files: Array) : String

     ARG:   [arg-00]   private files : Array

    0000: [0] 33 0a 3c a0 0c ............. debug 

    # ejs.tar/Tar.es:30                     return Cmd.sh("tar xOzf " + path + " " + files.join(" "))

    0005: [0] 7e 14 ...................... getGlobalSlot <slot: 10> 
    0007: [1] 56 ac 0d ................... loadString <tar xOzf > 
    0010: [2] 57 ......................... loadThis 
    0011: [3] 7b 9c 02 a6 02 ............. getObjName <path> <[ejs.tar::Tar,private]> 
    0016: [3] 00 ......................... add 
    0017: [2] 56 b0 09 ................... loadString < > 
    0020: [3] 00 ......................... add 
    0021: [2] 5b ......................... getLocalSlot0 
    0022: [3] 56 b0 09 ................... loadString < > 
    0025: [4] 18 4e 02 ................... callObjSlot <slot: 39> <argc: 1> 
    0028: [2] 93 ......................... pushResult 
    0029: [3] 00 ......................... add 
    0030: [2] 1c 34 00 02 ................ callObjStaticSlot <slot: 26> <0> <argc: 1> 
    0034: [0] 93 ......................... pushResult 
    0035: [1] bf ......................... returnValue 
    
VARIABLE:   [files-00]  private var files : Array
VARIABLE:   [path-00]  [ejs.tar::Tar,private] var path : Path
VARIABLE:   [files-01]  [ejs.tar::Tar,private] var files

----------------------------------------------------------------------------------------------

#
#  Global slot assignments (Num prop 150)
#
0149    ejs.tar var Tar: Type

#
#  Initializer slot assignments (Num prop 0)
#

#
#  Class slot assignments for the "Tar" class (Num slots 31, num inherited 26)
#
0000    public function constructor
0001    ejs function length
0002    public function prototype
0003    public function clone
0004    reserved slot for base class property
0005    reserved slot for base class property
0006    reserved slot for base class property
0007    reserved slot for base class property
0008    iterator function get
0009    reserved slot for base class property
0010    reserved slot for base class property
0011    reserved slot for base class property
0012    iterator function getValues
0013    public function hasOwnProperty
0014    reserved slot for base class property
0015    reserved slot for base class property
0016    public function isPrototypeOf
0017    reserved slot for base class property
0018    reserved slot for base class property
0019    reserved slot for base class property
0020    public function propertyIsEnumerable
0021    reserved slot for base class property
0022    public function toJSON
0023    public function toLocaleString
0024    public function toString
0025    public function valueOf
0026    -constructor- function Tar
0027    public function add
0028    public function xcreate
0029    public function extract
0030    public function cat

#
#  Instance slot assignments for the "Tar" class (Num prop 2, num inherited 0)
#
0000    [ejs.tar::Tar,private] var path: Path
0001    [ejs.tar::Tar,private] var files

----------------------------------------------------------------------------------------------
#
#  Constant Pool (size 1102 bytes)
#
0000   ""
0001   "ejs"
0002   "ejs.tar/Tar.es"
0003   "}"
0004   "internal-303387c93204d11e2863cffd31342b79-7"
0005   "ejs.tar"
0006   "module ejs.tar {"
0007   "    class Tar {"
0008   "Tar"
0009   "        private var path: Path"
0010   "path"
0011   "[ejs.tar::Tar,private]"
0012   "Path"
0013   "        private var files = []"
0014   "files"
0015   "        use default namespace public"
0016   "        function Tar(path: Path) {"
0017   "            this.path = path"
0018   "        }"
0019   "-constructor-"
0020   "private"
0021   "        function add(path: Path): Void {"
0022   "            if (!files.contains(path)) {"
0023   "contains"
0024   "                files.append(path)"
0025   "append"
0026   "add"
0027   "public"
0028   "Void"
0029   "        function xcreate(): Void {"
0030   "            Cmd.sh("tar czf " + path + " " + files.join(" "))"
0031   "tar czf "
0032   " "
0033   "join"
0034   "xcreate"
0035   "        function extract(...files): Void {"
0036   "            Cmd.sh("tar xzf " + path + " " + files.join(" "))"
0037   "tar xzf "
0038   "extract"
0039   "Array"
0040   "        function cat(...files): String {"
0041   "            return Cmd.sh("tar xOzf " + path + " " + files.join(" "))"
0042   "tar xOzf "
0043   "cat"
0044   "String"
0045   "Object"
0046   "constructor"
0047   "Function"
0048   "length"
0049   "Number"
0050   "prototype"
0051   "clone"
0052   ""
0053   "get"
0054   "iterator"
0055   "Iterator"
0056   "getValues"
0057   "hasOwnProperty"
0058   "Boolean"
0059   "isPrototypeOf"
0060   "propertyIsEnumerable"
0061   "toJSON"
0062   "toLocaleString"
0063   "toString"
0064   "valueOf"
0065   "block_0006_188"
0066   "-block-"
0067   "__initializer__"
